ILI9341_STM32_Driver.c:16:13:ILI9341_SPI_Tx	16	static
ILI9341_STM32_Driver.c:28:13:ILI9341_SPI_TxBuffer	16	static
ILI9341_STM32_Driver.c:43:6:ILI9341_WriteCommand	16	static
ILI9341_STM32_Driver.c:54:6:ILI9341_WriteData	16	static
ILI9341_STM32_Driver.c:65:6:ILI9341_WriteBuffer	16	static
ILI9341_STM32_Driver.c:81:6:ILI9341_SetAddress	32	static
ILI9341_STM32_Driver.c:103:6:ILI9341_Reset	8	static
ILI9341_STM32_Driver.c:113:6:ILI9341_Enable	8	static
ILI9341_STM32_Driver.c:118:6:ILI9341_Init	8	static
ILI9341_STM32_Driver.c:257:6:ILI9341_SetRotation	16	static
ILI9341_STM32_Driver.c:289:6:ILI9341_DrawColor	24	static
ILI9341_STM32_Driver.c:295:6:ILI9341_DrawColorBurst	64	dynamic
ILI9341_STM32_Driver.c:337:6:ILI9341_FillScreen	16	static
ILI9341_STM32_Driver.c:345:6:ILI9341_DrawPixel	32	static
ILI9341_STM32_Driver.c:374:6:ILI9341_DrawRectangle	24	static
ILI9341_STM32_Driver.c:392:6:ILI9341_DrawHLine	24	static
ILI9341_STM32_Driver.c:405:6:ILI9341_DrawVLine	24	static
