USART_program.c:31:6:MUSART_voidInit	24	static
USART_program.c:61:5:MUSART_voidSetBaudrateRegister	40	static
USART_program.c:90:6:MUSART_voidTransmitCharacter	24	static
USART_program.c:106:6:MUSART_u8RecieveCharacter	24	static
USART_program.c:136:6:MUSART_SetCallBack	16	static
USART_program.c:140:6:MUSART_voidTransmitstring	24	static
USART_program.c:152:6:MUSART_u8GetRecievedValue	16	static
USART_program.c:189:5:MUSART_u8IsRecieveBufferAvailable	24	static
USART_program.c:251:6:MUSART_voidTransmitnumber	32	static
USART_program.c:273:6:MUSART_voidEnableUSART_RecieveInterrupt	16	static
USART_program.c:277:6:MUSART_voidDisableUSART_RecieveInterrupt	16	static
USART_program.c:281:6:USART1_IRQHandler	16	static
USART_program.c:295:6:USART2_IRQHandler	8	static
USART_program.c:306:6:USART3_IRQHandler	8	static
